// Jest Snapshot v1, https://goo.gl/fbAQLP

exports[`Pruebas en <GifGridItem/> Debe mostrar el componente correctamente 1`] = `
<div
  className="card animate__animated animate__pulse"
>
  <img
    alt="coso"
    src="https://localhost/coso.png"
  />
  <p>
    coso
  </p>
</div>
`;
